// Jest Snapshot v1, https://goo.gl/fbAQLP

exports[`Test Button component Component Button matches DOM Snapshot 1`] = `
<button
  className="button btn-primary btn-small"
  type="button"
>
  Button
</button>
`;
