// Jest Snapshot v1, https://goo.gl/fbAQLP

exports[`Test App App matchers DOM Snapshot 1`] = `
Object {
  "asFragment": [Function],
  "baseElement": <body>
    <div>
      <div
        class="container"
        data-testid="app"
      >
        <header
          class="page-header"
        >
          <h2
            class="heading"
          >
            A list of books
          </h2>
          <div
            class="nav-btn"
          >
            <button
              class="button btn-primary btn-large"
              type="button"
            >
              Add New Book
            </button>
          </div>
        </header>
        <div
          class="filter-search"
        >
          <input
            class="search-input"
            data-testid="search"
            placeholder="Search..."
            type="search"
          />
        </div>
        <div
          class="book-list"
        >
          <div
            class="card-group"
          >
            <div
              class="card"
            >
              <div
                class="card-body"
              >
                <img
                  alt="image title"
                  class="card-image"
                  src="url"
                />
                <h3
                  class="card-title"
                >
                  title
                </h3>
                <span
                  class="card-author"
                >
                  nhan
                </span>
                <span
                  class="card-price"
                  data-testid="price"
                >
                  Price: 
                  123
                   USD
                </span>
                <p
                  class="card-desc"
                >
                  this is a book
                </p>
                <div
                  class="button-group"
                >
                  <button
                    class="button btn-secondary btn-small"
                    type="button"
                  >
                    Edit
                  </button>
                  <button
                    class="button btn-warning btn-small"
                    type="button"
                  >
                    Delete
                  </button>
                </div>
              </div>
            </div>
          </div>
        </div>
        <div
          class="notification-error"
          data-testid="error"
        >
          <button
            class="icon-close__error"
            data-testid="btn-close-err"
          >
            x
          </button>
          Error Message
        </div>
        <div>
          <button>
            Increment
          </button>
          <span
            data-testid="debouncedValue"
          >
            0
          </span>
          <span
            data-testid="value"
          >
            0
          </span>
        </div>
      </div>
    </div>
  </body>,
  "container": <div>
    <div
      class="container"
      data-testid="app"
    >
      <header
        class="page-header"
      >
        <h2
          class="heading"
        >
          A list of books
        </h2>
        <div
          class="nav-btn"
        >
          <button
            class="button btn-primary btn-large"
            type="button"
          >
            Add New Book
          </button>
        </div>
      </header>
      <div
        class="filter-search"
      >
        <input
          class="search-input"
          data-testid="search"
          placeholder="Search..."
          type="search"
        />
      </div>
      <div
        class="book-list"
      >
        <div
          class="card-group"
        >
          <div
            class="card"
          >
            <div
              class="card-body"
            >
              <img
                alt="image title"
                class="card-image"
                src="url"
              />
              <h3
                class="card-title"
              >
                title
              </h3>
              <span
                class="card-author"
              >
                nhan
              </span>
              <span
                class="card-price"
                data-testid="price"
              >
                Price: 
                123
                 USD
              </span>
              <p
                class="card-desc"
              >
                this is a book
              </p>
              <div
                class="button-group"
              >
                <button
                  class="button btn-secondary btn-small"
                  type="button"
                >
                  Edit
                </button>
                <button
                  class="button btn-warning btn-small"
                  type="button"
                >
                  Delete
                </button>
              </div>
            </div>
          </div>
        </div>
      </div>
      <div
        class="notification-error"
        data-testid="error"
      >
        <button
          class="icon-close__error"
          data-testid="btn-close-err"
        >
          x
        </button>
        Error Message
      </div>
      <div>
        <button>
          Increment
        </button>
        <span
          data-testid="debouncedValue"
        >
          0
        </span>
        <span
          data-testid="value"
        >
          0
        </span>
      </div>
    </div>
  </div>,
  "debug": [Function],
  "findAllByAltText": [Function],
  "findAllByDisplayValue": [Function],
  "findAllByLabelText": [Function],
  "findAllByPlaceholderText": [Function],
  "findAllByRole": [Function],
  "findAllByTestId": [Function],
  "findAllByText": [Function],
  "findAllByTitle": [Function],
  "findByAltText": [Function],
  "findByDisplayValue": [Function],
  "findByLabelText": [Function],
  "findByPlaceholderText": [Function],
  "findByRole": [Function],
  "findByTestId": [Function],
  "findByText": [Function],
  "findByTitle": [Function],
  "getAllByAltText": [Function],
  "getAllByDisplayValue": [Function],
  "getAllByLabelText": [Function],
  "getAllByPlaceholderText": [Function],
  "getAllByRole": [Function],
  "getAllByTestId": [Function],
  "getAllByText": [Function],
  "getAllByTitle": [Function],
  "getByAltText": [Function],
  "getByDisplayValue": [Function],
  "getByLabelText": [Function],
  "getByPlaceholderText": [Function],
  "getByRole": [Function],
  "getByTestId": [Function],
  "getByText": [Function],
  "getByTitle": [Function],
  "queryAllByAltText": [Function],
  "queryAllByDisplayValue": [Function],
  "queryAllByLabelText": [Function],
  "queryAllByPlaceholderText": [Function],
  "queryAllByRole": [Function],
  "queryAllByTestId": [Function],
  "queryAllByText": [Function],
  "queryAllByTitle": [Function],
  "queryByAltText": [Function],
  "queryByDisplayValue": [Function],
  "queryByLabelText": [Function],
  "queryByPlaceholderText": [Function],
  "queryByRole": [Function],
  "queryByTestId": [Function],
  "queryByText": [Function],
  "queryByTitle": [Function],
  "rerender": [Function],
  "unmount": [Function],
}
`;
