// Jest Snapshot v1, https://goo.gl/fbAQLP

exports[`Test Greeting component Component Greeting should render correctly 1`] = `
<div>
  <h2>
    Hello World!
  </h2>
  <p>
    It's good to see you!
  </p>
</div>
`;
