// Jest Snapshot v1, https://goo.gl/fbAQLP

exports[`Header render Should Header match Snapshot 1`] = `
<div>
  <header
    class="chakra-container css-2mqkvj"
  >
    <div
      class="css-1psvhc8"
    >
      <h1
        class="chakra-heading css-vqcpt4"
      >
        <a
          href="/"
        >
          <img
            alt="Logo FoodZero"
            data-nimg="1"
            decoding="async"
            height="115"
            src="/_next/image?url=%2Fimages%2Flogo.webp&w=640&q=75"
            srcset="/_next/image?url=%2Fimages%2Flogo.webp&w=384&q=75 1x, /_next/image?url=%2Fimages%2Flogo.webp&w=640&q=75 2x"
            style="color: transparent;"
            width="307"
          />
        </a>
      </h1>
      <button
        aria-label="menu"
        class="chakra-button css-toj1ua"
        data-testid="buttonMenu"
        type="button"
      >
        <svg
          aria-hidden="true"
          class="chakra-icon css-189f5bz"
          focusable="false"
          viewBox="0 0 24 24"
        >
          <path
            d="M 3 5 A 1.0001 1.0001 0 1 0 3 7 L 21 7 A 1.0001 1.0001 0 1 0 21 5 L 3 5 z M 3 11 A 1.0001 1.0001 0 1 0 3 13 L 21 13 A 1.0001 1.0001 0 1 0 21 11 L 3 11 z M 3 17 A 1.0001 1.0001 0 1 0 3 19 L 21 19 A 1.0001 1.0001 0 1 0 21 17 L 3 17 z"
            fill="currentColor"
          />
        </svg>
      </button>
    </div>
    <div
      class="css-9b14ac"
    >
      <div
        class="css-jl5ft5"
      >
        <a
          href="tel:+86 852 346 000"
        >
          <p
            class="chakra-text css-1efn3iv"
          >
            +86 852 346 000
          </p>
        </a>
      </div>
      <button
        class="chakra-button css-ko3vlm"
        type="button"
      >
        Reservations
      </button>
    </div>
  </header>
  <span
    hidden=""
    id="__chakra_env"
  />
</div>
`;
