// Jest Snapshot v1, https://goo.gl/fbAQLP

exports[`ListSocial component Renders ListSocial correctly 1`] = `
<div>
  <ul
    class="css-qgpwd0"
    role="list"
  >
    <li
      class="css-155za0w"
    >
      <a
        href="/"
      >
        <img
          alt="Instagram"
          data-nimg="1"
          decoding="async"
          height="28"
          loading="lazy"
          src="/_next/image?url=%2Fimages%2Finstagram.webp&w=64&q=75"
          srcset="/_next/image?url=%2Fimages%2Finstagram.webp&w=32&q=75 1x, /_next/image?url=%2Fimages%2Finstagram.webp&w=64&q=75 2x"
          style="color: transparent;"
          value="1"
          width="28"
        />
      </a>
    </li>
    <li
      class="css-155za0w"
    >
      <a
        href="/"
      >
        <img
          alt="Twitter"
          data-nimg="1"
          decoding="async"
          height="28"
          loading="lazy"
          src="/_next/image?url=%2Fimages%2Ftwitter.webp&w=64&q=75"
          srcset="/_next/image?url=%2Fimages%2Ftwitter.webp&w=32&q=75 1x, /_next/image?url=%2Fimages%2Ftwitter.webp&w=64&q=75 2x"
          style="color: transparent;"
          value="2"
          width="28"
        />
      </a>
    </li>
    <li
      class="css-155za0w"
    >
      <a
        href="/"
      >
        <img
          alt="Facebook"
          data-nimg="1"
          decoding="async"
          height="28"
          loading="lazy"
          src="/_next/image?url=%2Fimages%2Ffacebook.webp&w=64&q=75"
          srcset="/_next/image?url=%2Fimages%2Ffacebook.webp&w=32&q=75 1x, /_next/image?url=%2Fimages%2Ffacebook.webp&w=64&q=75 2x"
          style="color: transparent;"
          value="3"
          width="28"
        />
      </a>
    </li>
    <li
      class="css-155za0w"
    >
      <a
        href="/"
      >
        <img
          alt="youtube"
          data-nimg="1"
          decoding="async"
          height="28"
          loading="lazy"
          src="/_next/image?url=%2Fimages%2Fyoutube.webp&w=64&q=75"
          srcset="/_next/image?url=%2Fimages%2Fyoutube.webp&w=32&q=75 1x, /_next/image?url=%2Fimages%2Fyoutube.webp&w=64&q=75 2x"
          style="color: transparent;"
          value="4"
          width="28"
        />
      </a>
    </li>
  </ul>
  <span
    hidden=""
    id="__chakra_env"
  />
</div>
`;
