// Jest Snapshot v1, https://goo.gl/fbAQLP

exports[`NotFoundPage render Should NotFoundPage match Snapshot 1`] = `
<div>
  <div
    class="css-1wdafdy"
  >
    <p
      class="chakra-text css-90e7g7"
    >
      404 - Page Not Found!
    </p>
    <a
      href="/"
    >
      <p
        class="chakra-text css-ntbtgg"
      >
        Back To Home
      </p>
    </a>
  </div>
  <span
    hidden=""
    id="__chakra_env"
  />
</div>
`;
