// Jest Snapshot v1, https://goo.gl/fbAQLP

exports[`LoginForm LoginForm matches snapshot 1`] = `
<div>
  <form>
    <label
      class="chakra-form__label css-78n0uo"
    >
      Login
    </label>
    <div
      class="chakra-form-control css-xj5wq"
      role="group"
    >
      <input
        class="chakra-input css-1njo91c"
        data-testid="email"
        id="field-:r1:"
        name="email"
        placeholder="Email"
        type="email"
      />
      <input
        class="chakra-input css-1abompr"
        data-testid="password"
        id="field-:r1:"
        name="password"
        placeholder="Password"
        type="password"
      />
      <button
        class="chakra-button css-157j7mr"
        type="submit"
      >
        Login
      </button>
    </div>
  </form>
  <span
    hidden=""
    id="__chakra_env"
  />
</div>
`;
