// Jest Snapshot v1, https://goo.gl/fbAQLP

exports[`SelectField component Renders SelectField default correctly 1`] = `
<div>
  <div
    class="chakra-select__wrapper css-42b2qy"
  >
    <select
      class="chakra-select css-lknr9b"
      data-testid="select"
      style="padding-left: 40px;"
    >
      <option
        value="11:00 am"
      >
        11:00 am
      </option>
      <option
        value="12:00 am"
      >
        12:00 am
      </option>
      <option
        value="13:00 pm"
      >
        13:00 pm
      </option>
      <option
        value="14:00 pm"
      >
        14:00 pm
      </option>
      <option
        value="15:00 pm"
      >
        15:00 pm
      </option>
      <option
        value="16:00 pm"
      >
        16:00 pm
      </option>
      <option
        value="17:00 pm"
      >
        17:00 pm
      </option>
      <option
        value="18:00 pm"
      >
        18:00 pm
      </option>
      <option
        value="19:00 pm"
      >
        19:00 pm
      </option>
    </select>
    <div
      class="chakra-select__icon-wrapper css-1rn5cz7"
    >
      <svg
        aria-hidden="true"
        class="chakra-icon chakra-select__icon css-m73ylg"
        focusable="false"
        role="presentation"
        style="width: 1em; height: 1em; color: currentColor;"
        viewBox="0 0 24 24"
      >
        <path
          d="M16.59 8.59L12 13.17 7.41 8.59 6 10l6 6 6-6z"
          fill="currentColor"
        />
      </svg>
    </div>
  </div>
  <span
    hidden=""
    id="__chakra_env"
  />
</div>
`;
