// Jest Snapshot v1, https://goo.gl/fbAQLP

exports[`Footer render Should Footer match Snapshot 1`] = `
<div>
  <footer
    class="css-1h5elg0"
  >
    <div
      class="css-2alf4m"
    >
      <div
        class="css-guz8ox"
      >
        <h1
          class="chakra-heading css-ov8mg4"
        >
          <a
            href="/"
          >
            Food Zero.
          </a>
        </h1>
        <div
          class="css-0"
        >
          <p
            class="chakra-text css-1f333of"
          >
            Contact
          </p>
          <a
            href="tel:+86 852 346 000"
          >
            <p
              class="chakra-text css-ptcdyg"
            >
              +86 852 346 000
            </p>
          </a>
          <a
            href="mailto:info@foodzero.com"
          >
            <p
              class="chakra-text css-uslr5m"
            >
              info@foodzero.com
            </p>
          </a>
          <p
            class="chakra-text css-1as2o8a"
          >
            1959 Sepulveda Blvd. Culver City, CA, 90230
          </p>
        </div>
      </div>
      <div
        class="css-0"
      >
        <p
          class="chakra-text css-1q2x7af"
        >
          Never Miss a Recipe
        </p>
        <div
          class="css-l2hbqj"
        >
          <input
            class="chakra-input css-1xd2edz"
            placeholder="Email Address"
          />
          <button
            class="chakra-button css-s0w15f"
            type="button"
          >
            Subscribe
          </button>
        </div>
        <p
          class="chakra-text css-3firl6"
        >
          Join our subscribers and get best recipe delivered each week!
        </p>
      </div>
    </div>
    <hr
      aria-orientation="horizontal"
      class="chakra-divider css-1vyiomz"
    />
    <div
      class="css-k1zpb5"
    >
      <p
        class="chakra-text css-1nxiabe"
      >
        Â© 2020 Zero Inc. All rights Reserved
      </p>
      <ul
        class="css-qgpwd0"
        role="list"
      >
        <li
          class="css-155za0w"
        >
          <a
            href="/"
          >
            <img
              alt="Instagram"
              data-nimg="1"
              decoding="async"
              height="28"
              loading="lazy"
              src="/_next/image?url=%2Fimages%2Finstagram.webp&w=64&q=75"
              srcset="/_next/image?url=%2Fimages%2Finstagram.webp&w=32&q=75 1x, /_next/image?url=%2Fimages%2Finstagram.webp&w=64&q=75 2x"
              style="color: transparent;"
              value="1"
              width="28"
            />
          </a>
        </li>
        <li
          class="css-155za0w"
        >
          <a
            href="/"
          >
            <img
              alt="Twitter"
              data-nimg="1"
              decoding="async"
              height="28"
              loading="lazy"
              src="/_next/image?url=%2Fimages%2Ftwitter.webp&w=64&q=75"
              srcset="/_next/image?url=%2Fimages%2Ftwitter.webp&w=32&q=75 1x, /_next/image?url=%2Fimages%2Ftwitter.webp&w=64&q=75 2x"
              style="color: transparent;"
              value="2"
              width="28"
            />
          </a>
        </li>
        <li
          class="css-155za0w"
        >
          <a
            href="/"
          >
            <img
              alt="Facebook"
              data-nimg="1"
              decoding="async"
              height="28"
              loading="lazy"
              src="/_next/image?url=%2Fimages%2Ffacebook.webp&w=64&q=75"
              srcset="/_next/image?url=%2Fimages%2Ffacebook.webp&w=32&q=75 1x, /_next/image?url=%2Fimages%2Ffacebook.webp&w=64&q=75 2x"
              style="color: transparent;"
              value="3"
              width="28"
            />
          </a>
        </li>
        <li
          class="css-155za0w"
        >
          <a
            href="/"
          >
            <img
              alt="youtube"
              data-nimg="1"
              decoding="async"
              height="28"
              loading="lazy"
              src="/_next/image?url=%2Fimages%2Fyoutube.webp&w=64&q=75"
              srcset="/_next/image?url=%2Fimages%2Fyoutube.webp&w=32&q=75 1x, /_next/image?url=%2Fimages%2Fyoutube.webp&w=64&q=75 2x"
              style="color: transparent;"
              value="4"
              width="28"
            />
          </a>
        </li>
      </ul>
    </div>
  </footer>
  <span
    hidden=""
    id="__chakra_env"
  />
</div>
`;
