// Jest Snapshot v1, https://goo.gl/fbAQLP

exports[`Test ListBook Component Component ListBook matchers DOM Snapshot 1`] = `
Object {
  "asFragment": [Function],
  "baseElement": <body>
    <div>
      <div
        class="book-list"
      >
        <div
          class="card-group"
        >
          <div
            class="card"
          >
            <div
              class="card-body"
            >
              <img
                alt="image Book 1"
                class="card-image"
                src="base_img"
              />
              <h3
                class="card-title"
              >
                Book 1
              </h3>
              <span
                class="card-author"
              >
                Author 1
              </span>
              <span
                class="card-price"
                data-testid="price"
              >
                Price: 
                1
                 USD
              </span>
              <p
                class="card-desc"
              >
                Description 1
              </p>
              <div
                class="button-group"
              >
                <button
                  class="button btn-secondary btn-small"
                  type="button"
                >
                  Edit
                </button>
                <button
                  class="button btn-warning btn-small"
                  type="button"
                >
                  Delete
                </button>
              </div>
            </div>
          </div>
          <div
            class="card"
          >
            <div
              class="card-body"
            >
              <img
                alt="image Book 2"
                class="card-image"
                src="base_img"
              />
              <h3
                class="card-title"
              >
                Book 2
              </h3>
              <span
                class="card-author"
              >
                Author 2
              </span>
              <span
                class="card-price"
                data-testid="price"
              >
                Price: 
                1
                 USD
              </span>
              <p
                class="card-desc"
              >
                Description 2
              </p>
              <div
                class="button-group"
              >
                <button
                  class="button btn-secondary btn-small"
                  type="button"
                >
                  Edit
                </button>
                <button
                  class="button btn-warning btn-small"
                  type="button"
                >
                  Delete
                </button>
              </div>
            </div>
          </div>
        </div>
      </div>
    </div>
  </body>,
  "container": <div>
    <div
      class="book-list"
    >
      <div
        class="card-group"
      >
        <div
          class="card"
        >
          <div
            class="card-body"
          >
            <img
              alt="image Book 1"
              class="card-image"
              src="base_img"
            />
            <h3
              class="card-title"
            >
              Book 1
            </h3>
            <span
              class="card-author"
            >
              Author 1
            </span>
            <span
              class="card-price"
              data-testid="price"
            >
              Price: 
              1
               USD
            </span>
            <p
              class="card-desc"
            >
              Description 1
            </p>
            <div
              class="button-group"
            >
              <button
                class="button btn-secondary btn-small"
                type="button"
              >
                Edit
              </button>
              <button
                class="button btn-warning btn-small"
                type="button"
              >
                Delete
              </button>
            </div>
          </div>
        </div>
        <div
          class="card"
        >
          <div
            class="card-body"
          >
            <img
              alt="image Book 2"
              class="card-image"
              src="base_img"
            />
            <h3
              class="card-title"
            >
              Book 2
            </h3>
            <span
              class="card-author"
            >
              Author 2
            </span>
            <span
              class="card-price"
              data-testid="price"
            >
              Price: 
              1
               USD
            </span>
            <p
              class="card-desc"
            >
              Description 2
            </p>
            <div
              class="button-group"
            >
              <button
                class="button btn-secondary btn-small"
                type="button"
              >
                Edit
              </button>
              <button
                class="button btn-warning btn-small"
                type="button"
              >
                Delete
              </button>
            </div>
          </div>
        </div>
      </div>
    </div>
  </div>,
  "debug": [Function],
  "findAllByAltText": [Function],
  "findAllByDisplayValue": [Function],
  "findAllByLabelText": [Function],
  "findAllByPlaceholderText": [Function],
  "findAllByRole": [Function],
  "findAllByTestId": [Function],
  "findAllByText": [Function],
  "findAllByTitle": [Function],
  "findByAltText": [Function],
  "findByDisplayValue": [Function],
  "findByLabelText": [Function],
  "findByPlaceholderText": [Function],
  "findByRole": [Function],
  "findByTestId": [Function],
  "findByText": [Function],
  "findByTitle": [Function],
  "getAllByAltText": [Function],
  "getAllByDisplayValue": [Function],
  "getAllByLabelText": [Function],
  "getAllByPlaceholderText": [Function],
  "getAllByRole": [Function],
  "getAllByTestId": [Function],
  "getAllByText": [Function],
  "getAllByTitle": [Function],
  "getByAltText": [Function],
  "getByDisplayValue": [Function],
  "getByLabelText": [Function],
  "getByPlaceholderText": [Function],
  "getByRole": [Function],
  "getByTestId": [Function],
  "getByText": [Function],
  "getByTitle": [Function],
  "queryAllByAltText": [Function],
  "queryAllByDisplayValue": [Function],
  "queryAllByLabelText": [Function],
  "queryAllByPlaceholderText": [Function],
  "queryAllByRole": [Function],
  "queryAllByTestId": [Function],
  "queryAllByText": [Function],
  "queryAllByTitle": [Function],
  "queryByAltText": [Function],
  "queryByDisplayValue": [Function],
  "queryByLabelText": [Function],
  "queryByPlaceholderText": [Function],
  "queryByRole": [Function],
  "queryByTestId": [Function],
  "queryByText": [Function],
  "queryByTitle": [Function],
  "rerender": [Function],
  "unmount": [Function],
}
`;
