// Jest Snapshot v1, https://goo.gl/fbAQLP

exports[`SEO component should SEO renders snapshot 1`] = `
<div>
  <span
    hidden=""
    id="__chakra_env"
  />
</div>
`;
